-------------------------------------------------------------------------------
Name     : Shielded net name
Length   : Shielded net length
Shield   : Total length of shielding wire
Ratio    : Average shielding ratio
-------------------------------------------------------------------------------
Name          Length    Shield    Ratio   
                                         Layer:      Length     Shield  Ratio
-------------------------------------------------------------------------------
clk_50m:   preferred: M3 - TOP_M
               219.4     293.5    0.669
                                             M1:        1.7        0.0  0.000
                                             M2:       77.3      130.7  0.845
                                             M3:       98.5       95.4  0.484
                                          TOP_M:       42.0       67.4  0.802
-------------------------------------------------------------------------------

 Average ratio:                   0.669
                                             M1:          1.7        0.0  0.000
                                             M2:         77.3      130.7  0.845
                                             M3:         98.5       95.4  0.484
                                          TOP_M:         42.0       67.4  0.802


