-------------------------------------------------------------------------------
Name     : Shielded net name
Length   : Shielded net length
Shield   : Total length of shielding wire
Ratio    : Average shielding ratio
-------------------------------------------------------------------------------
Name          Length    Shield    Ratio   
                                         Layer:      Length     Shield  Ratio
-------------------------------------------------------------------------------
clk:   preferred: M3 - TOP_M
               207.1     244.1    0.589
                                             M2:        1.7        3.4  1.000
                                             M3:      187.0      225.4  0.603
                                          TOP_M:       18.5       15.3  0.415
-------------------------------------------------------------------------------

 Average ratio:                   0.589
                                             M2:          1.7        3.4  1.000
                                             M3:        187.0      225.4  0.603
                                          TOP_M:         18.5       15.3  0.415


