M1		NET		1		0
M1		SPNET		2		0
M1		PIN		3		0
M1		LEFPIN		4		0
M1		FILL		5		0
M1		FILLOPC		6		0
M1		VIA		7		0
M1		VIAFILL		8		0
M1		VIAFILLOPC		9		0
M1		LEFOBS		10		0
NAME		M1/NET		11		0
NAME		M1/SPNET		12		0
NAME		M1/PIN		13		0
NAME		M1/LEFPIN		14		0
V2		PIN		15		0
V2		LEFPIN		16		0
V2		FILL		17		0
V2		FILLOPC		18		0
V2		VIA		19		0
V2		VIAFILL		20		0
V2		VIAFILLOPC		21		0
M2		NET		22		0
M2		SPNET		23		0
M2		PIN		24		0
M2		LEFPIN		25		0
M2		FILL		26		0
M2		FILLOPC		27		0
M2		VIA		28		0
M2		VIAFILL		29		0
M2		VIAFILLOPC		30		0
M2		LEFOBS		31		0
NAME		M2/NET		32		0
NAME		M2/SPNET		33		0
NAME		M2/PIN		34		0
NAME		M2/LEFPIN		35		0
V3		PIN		36		0
V3		LEFPIN		37		0
V3		FILL		38		0
V3		FILLOPC		39		0
V3		VIA		40		0
V3		VIAFILL		41		0
V3		VIAFILLOPC		42		0
M3		NET		43		0
M3		SPNET		44		0
M3		PIN		45		0
M3		LEFPIN		46		0
M3		FILL		47		0
M3		FILLOPC		48		0
M3		VIA		49		0
M3		VIAFILL		50		0
M3		VIAFILLOPC		51		0
M3		LEFOBS		52		0
NAME		M3/NET		53		0
NAME		M3/SPNET		54		0
NAME		M3/PIN		55		0
NAME		M3/LEFPIN		56		0
TOP_V		PIN		57		0
TOP_V		LEFPIN		58		0
TOP_V		FILL		59		0
TOP_V		FILLOPC		60		0
TOP_V		VIA		61		0
TOP_V		VIAFILL		62		0
TOP_V		VIAFILLOPC		63		0
TOP_M		NET		64		0
TOP_M		SPNET		65		0
TOP_M		PIN		66		0
TOP_M		LEFPIN		67		0
TOP_M		FILL		68		0
TOP_M		FILLOPC		69		0
TOP_M		VIA		70		0
TOP_M		VIAFILL		71		0
TOP_M		VIAFILLOPC		72		0
TOP_M		LEFOBS		73		0
NAME		TOP_M/NET		74		0
NAME		TOP_M/SPNET		75		0
NAME		TOP_M/PIN		76		0
NAME		TOP_M/LEFPIN		77		0
NAME		COMP		78		0
COMP		ALL		79		0
DIEAREA		ALL		80		0
