

==================================================================================
=== CALIBRE::DRC-H SUMMARY REPORT
===
Execution Date/Time:       Thu May 14 11:46:53 2026
Calibre Version:           v2022.4_37.20    Fri Dec 2 17:43:09 PST 2022
Rule File Pathname:        _tdi_drc_wrapper.svrf_
Rule File Title:           
Layout System:             GDS
Layout Path(s):            /home/cmos/projects/tdi1k/tdi_sensor_top.gds
Layout Primary Cell:       tdi_sensor_top
Current Directory:         /home/cmos/projects/tdi1k_repo/DRC_REPORT
User Name:                 cmos
Maximum Results/RuleCheck: 1000
Maximum Result Vertices:   4096
DRC Results Database:      drc.results (ASCII)
Layout Depth:              ALL
Text Depth:                PRIMARY
Summary Report File:       drc.summary (REPLACE)
Geometry Flagging:         ACUTE = YES  SKEW = YES  ANGLED = NO  OFFGRID = YES
                           NONSIMPLE POLYGON = NO  NONSIMPLE PATH = NO
Excluded Cells:           
CheckText Mapping:         COMMENT TEXT + RULE FILE INFORMATION
Layers:                    MEMORY-BASED
Keep Empty Checks:         NO
----------------------------------------------------------------------------------
--- RUNTIME WARNINGS
---
OFFGRID placement of SCL18SL_PCI_PM_NOMF_a2 in C2S0115_S at (1.18,2.45) will require FLAT offgrid/SNAP processing for all placements of this cell.
ACUTE angle on layer GCi at location (0.52,3.87) in cell bufbdf.
ACUTE angle on layer GCi at location (1.82,3.92) in cell bufbdf.
ACUTE angle on layer GCi at location (0.82,3.87) in cell bufbdf.
ACUTE angle on layer GCi at location (0.46,3.93) in cell bufbdf.
ACUTE angle on layer GCi at location (2.12,3.92) in cell bufbdf.
ACUTE angle on layer GCi at location (1.76,3.98) in cell bufbdf.
ACUTE angle on layer GCi at location (0.76,3.93) in cell bufbdf.
ACUTE angle on layer GCi at location (2.06,3.98) in cell bufbdf.
ACUTE angle on layer GCi at location (0.52,3.87) in cell bufbdf.
ACUTE angle on layer GCi at location (1.82,3.92) in cell bufbdf.
ACUTE angle on layer GCi at location (0.82,3.87) in cell bufbdf.
ACUTE angle on layer GCi at location (0.46,3.93) in cell bufbdf.
ACUTE angle on layer GCi at location (2.12,3.92) in cell bufbdf.
ACUTE angle on layer GCi at location (1.76,3.98) in cell bufbdf.
ACUTE angle on layer GCi at location (0.76,3.93) in cell bufbdf.
ACUTE angle on layer GCi at location (2.06,3.98) in cell bufbdf.
ACUTE angle on layer M1i at location (9.29,8.6) in cell char_l0.
SKEW edge on layer M1i from location (4.37,4.1) to location (8.855,7.37) in cell char_l0.
SKEW edge on layer M1i from location (9.29,8.6) to location (4.81,5.34) in cell char_l0.
ACUTE angle on layer M2i at location (9.29,8.6) in cell char_l0.
SKEW edge on layer M2i from location (4.37,4.1) to location (8.855,7.37) in cell char_l0.
SKEW edge on layer M2i from location (9.29,8.6) to location (4.81,5.34) in cell char_l0.
ACUTE angle on layer M3i at location (9.29,8.6) in cell char_l0.
SKEW edge on layer M3i from location (4.37,4.1) to location (8.855,7.37) in cell char_l0.
SKEW edge on layer M3i from location (9.29,8.6) to location (4.81,5.34) in cell char_l0.
ACUTE angle on layer MTOPi at location (9.29,8.6) in cell char_l0.
SKEW edge on layer MTOPi from location (4.37,4.1) to location (8.855,7.37) in cell char_l0.
SKEW edge on layer MTOPi from location (9.29,8.6) to location (4.81,5.34) in cell char_l0.
SCONNECT conflict. Multiple stamping occurred.
PROJECTING constraint only supported with PARALLEL ONLY - setting PARALLEL ONLY.
Maximum result count of 1000 exceeded in DRC RuleCheck V3.W.1.
Maximum result count of 1000 exceeded in DRC RuleCheck V3.E.1.
Maximum result count of 1000 exceeded in DRC RuleCheck M3.E.1.
Maximum result count of 1000 exceeded in DRC RuleCheck VL.W.1.
Maximum result count of 1000 exceeded in DRC RuleCheck VL.E.1.
Maximum result count of 1000 exceeded in DRC RuleCheck LU0.
----------------------------------------------------------------------------------
--- ORIGINAL LAYER STATISTICS
---
LAYER DEV_ext ......... TOTAL Original Geometry Count = 2    (2)
LAYER WNi ............. TOTAL Original Geometry Count = 135  (75434)
LAYER WN_drci ......... TOTAL Original Geometry Count = 0    (0)
LAYER WN_lvsi ......... TOTAL Original Geometry Count = 0    (0)
LAYER WNopci .......... TOTAL Original Geometry Count = 0    (0)
LAYER WN_dioi ......... TOTAL Original Geometry Count = 0    (0)
LAYER WN_vssi ......... TOTAL Original Geometry Count = 0    (0)
LAYER WBi ............. TOTAL Original Geometry Count = 1    (1)
LAYER GCi ............. TOTAL Original Geometry Count = 668  (1012029)
LAYER GCDi ............ TOTAL Original Geometry Count = 0    (0)
LAYER GC_pini ......... TOTAL Original Geometry Count = 0    (0)
LAYER GC_neti ......... TOTAL Original Geometry Count = 0    (0)
LAYER GCopci .......... TOTAL Original Geometry Count = 0    (0)
LAYER GC_nodummyi ..... TOTAL Original Geometry Count = 0    (0)
LAYER GC_pki .......... TOTAL Original Geometry Count = 0    (0)
LAYER DEV_resi ........ TOTAL Original Geometry Count = 0    (0)
LAYER AAi ............. TOTAL Original Geometry Count = 657  (1069653)
LAYER AADi ............ TOTAL Original Geometry Count = 0    (0)
LAYER AA_nodummyi ..... TOTAL Original Geometry Count = 2    (2)
LAYER CNHi ............ TOTAL Original Geometry Count = 1    (1)
LAYER VNNi ............ TOTAL Original Geometry Count = 0    (0)
LAYER XPi ............. TOTAL Original Geometry Count = 262  (87374)
LAYER XNi ............. TOTAL Original Geometry Count = 266  (515407)
LAYER CSi ............. TOTAL Original Geometry Count = 2470 (4664427)
LAYER CS_lvsi ......... TOTAL Original Geometry Count = 0    (0)
LAYER M1slitsi ........ TOTAL Original Geometry Count = 0    (0)
LAYER M1i ............. TOTAL Original Geometry Count = 1067 (3141573)
LAYER M1Di ............ TOTAL Original Geometry Count = 0    (0)
LAYER M1_pini ......... TOTAL Original Geometry Count = 3    (3072)
LAYER M1_neti ......... TOTAL Original Geometry Count = 0    (0)
LAYER M1opci .......... TOTAL Original Geometry Count = 0    (0)
LAYER M1_nodummyi ..... TOTAL Original Geometry Count = 0    (0)
LAYER M1_vssi ......... TOTAL Original Geometry Count = 0    (0)
LAYER M1_res1i ........ TOTAL Original Geometry Count = 0    (0)
LAYER M1_pki .......... TOTAL Original Geometry Count = 0    (0)
LAYER V2i ............. TOTAL Original Geometry Count = 1    (1)
LAYER V2_lvsi ......... TOTAL Original Geometry Count = 0    (0)
LAYER V2_pki .......... TOTAL Original Geometry Count = 0    (0)
LAYER M2slitsi ........ TOTAL Original Geometry Count = 0    (0)
LAYER M2i ............. TOTAL Original Geometry Count = 128  (129)
LAYER M2Di ............ TOTAL Original Geometry Count = 0    (0)
LAYER M2_pini ......... TOTAL Original Geometry Count = 0    (0)
LAYER M2_neti ......... TOTAL Original Geometry Count = 0    (0)
LAYER M2opci .......... TOTAL Original Geometry Count = 0    (0)
LAYER M2_nodummyi ..... TOTAL Original Geometry Count = 0    (0)
LAYER M2_vssi ......... TOTAL Original Geometry Count = 0    (0)
LAYER M2_res1i ........ TOTAL Original Geometry Count = 0    (0)
LAYER M2_pki .......... TOTAL Original Geometry Count = 0    (0)
LAYER V3i ............. TOTAL Original Geometry Count = 3584 (3584)
LAYER V3_pki .......... TOTAL Original Geometry Count = 0    (0)
LAYER M3slitsi ........ TOTAL Original Geometry Count = 0    (0)
LAYER M3i ............. TOTAL Original Geometry Count = 54   (55)
LAYER M3Di ............ TOTAL Original Geometry Count = 0    (0)
LAYER M3_pini ......... TOTAL Original Geometry Count = 0    (0)
LAYER M3_neti ......... TOTAL Original Geometry Count = 0    (0)
LAYER M3opci .......... TOTAL Original Geometry Count = 0    (0)
LAYER M3_nodummyi ..... TOTAL Original Geometry Count = 0    (0)
LAYER M3_vssi ......... TOTAL Original Geometry Count = 0    (0)
LAYER CUT3_opti ....... TOTAL Original Geometry Count = 0    (0)
LAYER M3_pki .......... TOTAL Original Geometry Count = 0    (0)
LAYER V4i ............. TOTAL Original Geometry Count = 0    (0)
LAYER V4_pki .......... TOTAL Original Geometry Count = 0    (0)
LAYER M4slitsi ........ TOTAL Original Geometry Count = 0    (0)
LAYER M4i ............. TOTAL Original Geometry Count = 0    (0)
LAYER M4Di ............ TOTAL Original Geometry Count = 0    (0)
LAYER M4_pini ......... TOTAL Original Geometry Count = 0    (0)
LAYER M4_neti ......... TOTAL Original Geometry Count = 0    (0)
LAYER M4opci .......... TOTAL Original Geometry Count = 0    (0)
LAYER M4_nodummyi ..... TOTAL Original Geometry Count = 0    (0)
LAYER M4_res1i ........ TOTAL Original Geometry Count = 0    (0)
LAYER M4_pki .......... TOTAL Original Geometry Count = 0    (0)
LAYER V5i ............. TOTAL Original Geometry Count = 0    (0)
LAYER V5_pki .......... TOTAL Original Geometry Count = 0    (0)
LAYER M5slitsi ........ TOTAL Original Geometry Count = 0    (0)
LAYER M5i ............. TOTAL Original Geometry Count = 0    (0)
LAYER M5Di ............ TOTAL Original Geometry Count = 0    (0)
LAYER M5_pini ......... TOTAL Original Geometry Count = 0    (0)
LAYER M5_neti ......... TOTAL Original Geometry Count = 0    (0)
LAYER M5opci .......... TOTAL Original Geometry Count = 0    (0)
LAYER M5_nodummyi ..... TOTAL Original Geometry Count = 0    (0)
LAYER M5_res1i ........ TOTAL Original Geometry Count = 0    (0)
LAYER M5_pki .......... TOTAL Original Geometry Count = 0    (0)
LAYER VTOPi ........... TOTAL Original Geometry Count = 665  (5525)
LAYER MET_TOP_opti .... TOTAL Original Geometry Count = 0    (0)
LAYER VTOP_pki ........ TOTAL Original Geometry Count = 0    (0)
LAYER MTOPslitsi ...... TOTAL Original Geometry Count = 0    (0)
LAYER MTOPi ........... TOTAL Original Geometry Count = 8    (9)
LAYER MTDi ............ TOTAL Original Geometry Count = 0    (0)
LAYER MTOP_pini ....... TOTAL Original Geometry Count = 0    (0)
LAYER MTOP_neti ....... TOTAL Original Geometry Count = 0    (0)
LAYER PROBE_TOPi ...... TOTAL Original Geometry Count = 0    (0)
LAYER MT_nodummyi ..... TOTAL Original Geometry Count = 0    (0)
LAYER MTOP_res1i ...... TOTAL Original Geometry Count = 0    (0)
LAYER MTOP_pki ........ TOTAL Original Geometry Count = 0    (0)
LAYER MT_msi .......... TOTAL Original Geometry Count = 0    (0)
LAYER MTi ............. TOTAL Original Geometry Count = 0    (0)
LAYER MT_lli .......... TOTAL Original Geometry Count = 0    (0)
LAYER MT_dyi .......... TOTAL Original Geometry Count = 0    (0)
LAYER MT_pini ......... TOTAL Original Geometry Count = 0    (0)
LAYER MT_neti ......... TOTAL Original Geometry Count = 0    (0)
LAYER MT_lsi .......... TOTAL Original Geometry Count = 0    (0)
LAYER MT_oci .......... TOTAL Original Geometry Count = 0    (0)
LAYER MT_nyi .......... TOTAL Original Geometry Count = 0    (0)
LAYER MT_r1i .......... TOTAL Original Geometry Count = 0    (0)
LAYER MT_pki .......... TOTAL Original Geometry Count = 0    (0)
LAYER CPHi ............ TOTAL Original Geometry Count = 25   (25)
LAYER DEV_seali ....... TOTAL Original Geometry Count = 0    (0)
LAYER PADini .......... TOTAL Original Geometry Count = 1    (1)
LAYER PADdummyi ....... TOTAL Original Geometry Count = 0    (0)
LAYER PAD_drci ........ TOTAL Original Geometry Count = 0    (0)
LAYER AREA2i .......... TOTAL Original Geometry Count = 3    (3)
LAYER AREA6i .......... TOTAL Original Geometry Count = 0    (0)
LAYER DEV_lli ......... TOTAL Original Geometry Count = 0    (0)
LAYER DEV_dioi ........ TOTAL Original Geometry Count = 1    (61440)
LAYER DEV_padi ........ TOTAL Original Geometry Count = 0    (0)
LAYER DEV_bjti ........ TOTAL Original Geometry Count = 0    (0)
LAYER DEV_esdi ........ TOTAL Original Geometry Count = 1    (1)
LAYER DEV_res1i ....... TOTAL Original Geometry Count = 0    (0)
LAYER DEV_cvsi ........ TOTAL Original Geometry Count = 0    (0)
LAYER DEV_abitcelli ... TOTAL Original Geometry Count = 0    (0)
LAYER DEV_mfci ........ TOTAL Original Geometry Count = 0    (0)
LAYER DEV_fxi ......... TOTAL Original Geometry Count = 0    (0)
LAYER DEV_lei ......... TOTAL Original Geometry Count = 0    (0)
LAYER DEV_scri ........ TOTAL Original Geometry Count = 0    (0)
LAYER SPC_cpi ......... TOTAL Original Geometry Count = 0    (0)
LAYER SPC_stacki ...... TOTAL Original Geometry Count = 0    (0)
LAYER SPC_fei ......... TOTAL Original Geometry Count = 0    (0)
LAYER AREA10_shvi ..... TOTAL Original Geometry Count = 0    (0)
LAYER MRi ............. TOTAL Original Geometry Count = 1    (1)
LAYER NSi ............. TOTAL Original Geometry Count = 2    (2)
LAYER CEi ............. TOTAL Original Geometry Count = 1    (1)
LAYER ESD50VT_KTi ..... TOTAL Original Geometry Count = 0    (0)
LAYER CNLi ............ TOTAL Original Geometry Count = 0    (0)
LAYER CPLi ............ TOTAL Original Geometry Count = 0    (0)
LAYER MR2i ............ TOTAL Original Geometry Count = 0    (0)
LAYER MT3_msi ......... TOTAL Original Geometry Count = 0    (0)
LAYER MT3i ............ TOTAL Original Geometry Count = 0    (0)
LAYER MT3_dyi ......... TOTAL Original Geometry Count = 0    (0)
LAYER MT3_pini ........ TOTAL Original Geometry Count = 0    (0)
LAYER MT3_nyi ......... TOTAL Original Geometry Count = 0    (0)
LAYER PRBoundi ........ TOTAL Original Geometry Count = 131  (74406)
LAYER DEV_cap ......... TOTAL Original Geometry Count = 0    (0)
LAYER MT3lvs .......... TOTAL Original Geometry Count = 0    (0)
LAYER ESDsrc .......... TOTAL Original Geometry Count = 0    (0)
LAYER MTOPopc ......... TOTAL Original Geometry Count = 0    (0)
LAYER Sai ............. TOTAL Original Geometry Count = 0    (0)
LAYER DEV_t3 .......... TOTAL Original Geometry Count = 0    (0)
LAYER AREA10_no_opc ... TOTAL Original Geometry Count = 2    (2)
LAYER MT3_pki ......... TOTAL Original Geometry Count = 0    (0)
LAYER MT3resi ......... TOTAL Original Geometry Count = 0    (0)
LAYER MT3_opci ........ TOTAL Original Geometry Count = 0    (0)
LAYER MT3_neti ........ TOTAL Original Geometry Count = 0    (0)
LAYER AREA_mim_hc ..... TOTAL Original Geometry Count = 0    (0)
LAYER ACTIVE_opc ...... TOTAL Original Geometry Count = 0    (0)
LAYER WB_lvsi ......... TOTAL Original Geometry Count = 0    (0)
LAYER BAD_mark ........ TOTAL Original Geometry Count = 2    (2)
LAYER BAD_P5 .......... TOTAL Original Geometry Count = 0    (0)
----------------------------------------------------------------------------------
--- RULECHECK RESULTS STATISTICS
---
RULECHECK P.1 ............... TOTAL Result Count = 0    (0)
RULECHECK P.3 ............... TOTAL Result Count = 0    (0)
RULECHECK P.4 ............... TOTAL Result Count = 0    (0)
RULECHECK P.5 ............... TOTAL Result Count = 0    (0)
RULECHECK P.6 ............... TOTAL Result Count = 0    (0)
RULECHECK P.7 ............... TOTAL Result Count = 0    (0)
RULECHECK LLSUP.W.1 ......... TOTAL Result Count = 0    (0)
RULECHECK LLSUP.S.1 ......... TOTAL Result Count = 0    (0)
RULECHECK LLSUP.D.1 ......... TOTAL Result Count = 0    (0)
RULECHECK LLSUP.D.2 ......... TOTAL Result Count = 0    (0)
RULECHECK LLSUP.D.3 ......... TOTAL Result Count = 0    (0)
RULECHECK LLSUP.E.1 ......... TOTAL Result Count = 0    (0)
RULECHECK LLSUP.X.2 ......... TOTAL Result Count = 0    (0)
RULECHECK LLSUP.N.1 ......... TOTAL Result Count = 0    (0)
RULECHECK LLSUP.N.2 ......... TOTAL Result Count = 0    (0)
RULECHECK LLSUP.A.1 ......... TOTAL Result Count = 0    (0)
RULECHECK AA.W.1 ............ TOTAL Result Count = 0    (0)
RULECHECK AA.W.2 ............ TOTAL Result Count = 0    (0)
RULECHECK AA.S.1 ............ TOTAL Result Count = 0    (0)
RULECHECK AA.S.3 ............ TOTAL Result Count = 0    (0)
RULECHECK AA.A.1 ............ TOTAL Result Count = 0    (0)
RULECHECK AA.A.2 ............ TOTAL Result Count = 0    (0)
RULECHECK AA.A.3 ............ TOTAL Result Count = 0    (0)
RULECHECK AA.L.1 ............ TOTAL Result Count = 0    (0)
RULECHECK AA.N.4 ............ TOTAL Result Count = 0    (0)
RULECHECK AA.E.2 ............ TOTAL Result Count = 0    (0)
RULECHECK AA.E.3 ............ TOTAL Result Count = 0    (0)
RULECHECK AA.D.2 ............ TOTAL Result Count = 0    (0)
RULECHECK AA.D.3 ............ TOTAL Result Count = 0    (0)
RULECHECK AA.C.1 ............ TOTAL Result Count = 1    (1)
RULECHECK AA.C.3 ............ TOTAL Result Count = 2    (2)
RULECHECK AA.C.5 ............ TOTAL Result Count = 1    (1)
RULECHECK AA.C.8 ............ TOTAL Result Count = 0    (0)
RULECHECK AA.C.10 ........... TOTAL Result Count = 0    (0)
RULECHECK WN.W.1 ............ TOTAL Result Count = 0    (0)
RULECHECK WN.W.3 ............ TOTAL Result Count = 0    (0)
RULECHECK WN.S.1 ............ TOTAL Result Count = 0    (0)
RULECHECK WN.S.3 ............ TOTAL Result Count = 0    (0)
RULECHECK WN.S.2 ............ TOTAL Result Count = 0    (0)
RULECHECK WN.S.4 ............ TOTAL Result Count = 0    (0)
RULECHECK LA.W.1 ............ TOTAL Result Count = 0    (0)
RULECHECK LA.S.1 ............ TOTAL Result Count = 0    (0)
RULECHECK LA.E.1 ............ TOTAL Result Count = 0    (0)
RULECHECK LA.D.1 ............ TOTAL Result Count = 0    (0)
RULECHECK LA.D.2 ............ TOTAL Result Count = 0    (0)
RULECHECK LA.X.3 ............ TOTAL Result Count = 0    (0)
RULECHECK GC.W.3 ............ TOTAL Result Count = 0    (0)
RULECHECK GC.W.4 ............ TOTAL Result Count = 0    (0)
RULECHECK GC.W.7 ............ TOTAL Result Count = 0    (0)
RULECHECK GC.W.8 ............ TOTAL Result Count = 0    (0)
RULECHECK GC.S.2 ............ TOTAL Result Count = 0    (0)
RULECHECK GC.S.3 ............ TOTAL Result Count = 0    (0)
RULECHECK GC.D.1 ............ TOTAL Result Count = 0    (0)
RULECHECK GC.X.1 ............ TOTAL Result Count = 0    (0)
RULECHECK GC.X.2 ............ TOTAL Result Count = 0    (0)
RULECHECK GC.A.1 ............ TOTAL Result Count = 0    (0)
RULECHECK GC.N.2 ............ TOTAL Result Count = 0    (0)
RULECHECK GC.N.3 ............ TOTAL Result Count = 0    (0)
RULECHECK GC.N.4 ............ TOTAL Result Count = 0    (0)
RULECHECK GC.L.1 ............ TOTAL Result Count = 0    (0)
RULECHECK GC.C.1 ............ TOTAL Result Count = 1    (1)
RULECHECK GC.C.2 ............ TOTAL Result Count = 0    (0)
RULECHECK GC.C.4 ............ TOTAL Result Count = 0    (0)
RULECHECK GC.C.6 ............ TOTAL Result Count = 0    (0)
RULECHECK XN.W.1 ............ TOTAL Result Count = 0    (0)
RULECHECK XN.S.1 ............ TOTAL Result Count = 788  (788)
RULECHECK XN.E.1 ............ TOTAL Result Count = 0    (0)
RULECHECK XN.E.2 ............ TOTAL Result Count = 0    (0)
RULECHECK XN.E.9 ............ TOTAL Result Count = 0    (0)
RULECHECK XN.D.1 ............ TOTAL Result Count = 0    (0)
RULECHECK XN.D.2 ............ TOTAL Result Count = 0    (0)
RULECHECK XN.D.9 ............ TOTAL Result Count = 0    (0)
RULECHECK XN.D.3 ............ TOTAL Result Count = 0    (0)
RULECHECK XN.O.1 ............ TOTAL Result Count = 0    (0)
RULECHECK XN.A.1 ............ TOTAL Result Count = 0    (0)
RULECHECK XN.N.1 ............ TOTAL Result Count = 0    (0)
RULECHECK XP.W.1 ............ TOTAL Result Count = 0    (0)
RULECHECK XP.S.1 ............ TOTAL Result Count = 788  (788)
RULECHECK XP.E.1 ............ TOTAL Result Count = 0    (0)
RULECHECK XP.E.2 ............ TOTAL Result Count = 0    (0)
RULECHECK XP.E.9 ............ TOTAL Result Count = 0    (0)
RULECHECK XP.D.1 ............ TOTAL Result Count = 0    (0)
RULECHECK XP.D.2 ............ TOTAL Result Count = 0    (0)
RULECHECK XP.D.3 ............ TOTAL Result Count = 0    (0)
RULECHECK XP.D.9 ............ TOTAL Result Count = 0    (0)
RULECHECK XP.O.1 ............ TOTAL Result Count = 0    (0)
RULECHECK XP.A.1 ............ TOTAL Result Count = 0    (0)
RULECHECK NS.W.1 ............ TOTAL Result Count = 0    (0)
RULECHECK NS.S.1 ............ TOTAL Result Count = 0    (0)
RULECHECK NS.S.1MDP ......... TOTAL Result Count = 0    (0)
RULECHECK NS.D.1 ............ TOTAL Result Count = 0    (0)
RULECHECK NS.D.2 ............ TOTAL Result Count = 0    (0)
RULECHECK NS.D.3 ............ TOTAL Result Count = 0    (0)
RULECHECK NS.D.4 ............ TOTAL Result Count = 0    (0)
RULECHECK NS.D.5 ............ TOTAL Result Count = 0    (0)
RULECHECK NS.X.1 ............ TOTAL Result Count = 0    (0)
RULECHECK NS.X.2 ............ TOTAL Result Count = 0    (0)
RULECHECK NS.X.3 ............ TOTAL Result Count = 0    (0)
RULECHECK NS.A.1 ............ TOTAL Result Count = 0    (0)
RULECHECK NS.A.2 ............ TOTAL Result Count = 0    (0)
RULECHECK CS.W.1 ............ TOTAL Result Count = 0    (0)
RULECHECK CS.S.1 ............ TOTAL Result Count = 0    (0)
RULECHECK CS.S.2 ............ TOTAL Result Count = 0    (0)
RULECHECK CS.E.1 ............ TOTAL Result Count = 0    (0)
RULECHECK CS.E.2 ............ TOTAL Result Count = 0    (0)
RULECHECK CS.D.1 ............ TOTAL Result Count = 0    (0)
RULECHECK CS.D.3 ............ TOTAL Result Count = 0    (0)
RULECHECK CS.X.1 ............ TOTAL Result Count = 0    (0)
RULECHECK CS.X.2 ............ TOTAL Result Count = 0    (0)
RULECHECK CS.N.1 ............ TOTAL Result Count = 0    (0)
RULECHECK CS.N.2 ............ TOTAL Result Count = 0    (0)
RULECHECK CS.N.3 ............ TOTAL Result Count = 0    (0)
RULECHECK CS.N.5 ............ TOTAL Result Count = 0    (0)
RULECHECK M1.W.1 ............ TOTAL Result Count = 66   (66)
RULECHECK M1.W.2 ............ TOTAL Result Count = 0    (0)
RULECHECK M1.S.1 ............ TOTAL Result Count = 932  (932)
RULECHECK M1.S.2 ............ TOTAL Result Count = 0    (0)
RULECHECK M1.E.1 ............ TOTAL Result Count = 0    (0)
RULECHECK M1.E.2 ............ TOTAL Result Count = 0    (0)
RULECHECK M1.E.3 ............ TOTAL Result Count = 0    (0)
RULECHECK M1.A.1 ............ TOTAL Result Count = 873  (873)
RULECHECK M1.C.1 ............ TOTAL Result Count = 0    (0)
RULECHECK M1.C.2 ............ TOTAL Result Count = 0    (0)
RULECHECK M1.C.3 ............ TOTAL Result Count = 0    (0)
RULECHECK M1.C.4 ............ TOTAL Result Count = 0    (0)
RULECHECK M1.C.5 ............ TOTAL Result Count = 0    (0)
RULECHECK V2.W.1 ............ TOTAL Result Count = 0    (0)
RULECHECK V2.S.1 ............ TOTAL Result Count = 0    (0)
RULECHECK V2.E.1 ............ TOTAL Result Count = 0    (0)
RULECHECK V2.E.2 ............ TOTAL Result Count = 0    (0)
RULECHECK V2.E.3 ............ TOTAL Result Count = 0    (0)
RULECHECK M2.W.1 ............ TOTAL Result Count = 0    (0)
RULECHECK M2.W.2 ............ TOTAL Result Count = 0    (0)
RULECHECK M2.S.1 ............ TOTAL Result Count = 0    (0)
RULECHECK M2.S.2 ............ TOTAL Result Count = 0    (0)
RULECHECK M2.E.1 ............ TOTAL Result Count = 0    (0)
RULECHECK M2.E.2 ............ TOTAL Result Count = 0    (0)
RULECHECK M2.E.3 ............ TOTAL Result Count = 0    (0)
RULECHECK M2.A.1 ............ TOTAL Result Count = 0    (0)
RULECHECK M2.C.1 ............ TOTAL Result Count = 1    (1)
RULECHECK M2.C.2 ............ TOTAL Result Count = 0    (0)
RULECHECK M2.C.3 ............ TOTAL Result Count = 0    (0)
RULECHECK M2.C.4 ............ TOTAL Result Count = 0    (0)
RULECHECK V3.W.1 ............ TOTAL Result Count = 1000 (1000)
RULECHECK V3.S.1 ............ TOTAL Result Count = 0    (0)
RULECHECK V3.E.1 ............ TOTAL Result Count = 1000 (1000)
RULECHECK V3.E.2 ............ TOTAL Result Count = 0    (0)
RULECHECK V3.E.3 ............ TOTAL Result Count = 0    (0)
RULECHECK M3.W.1 ............ TOTAL Result Count = 0    (0)
RULECHECK M3.W.2 ............ TOTAL Result Count = 0    (0)
RULECHECK M3.S.1 ............ TOTAL Result Count = 0    (0)
RULECHECK M3.S.2 ............ TOTAL Result Count = 0    (0)
RULECHECK M3.E.1 ............ TOTAL Result Count = 1000 (1000)
RULECHECK M3.E.2 ............ TOTAL Result Count = 0    (0)
RULECHECK M3.E.3 ............ TOTAL Result Count = 0    (0)
RULECHECK M3.A.1 ............ TOTAL Result Count = 6    (6)
RULECHECK M3.C.1 ............ TOTAL Result Count = 1    (1)
RULECHECK M3.C.2 ............ TOTAL Result Count = 0    (0)
RULECHECK M3.C.3 ............ TOTAL Result Count = 0    (0)
RULECHECK M3.C.4 ............ TOTAL Result Count = 0    (0)
RULECHECK VL.W.1 ............ TOTAL Result Count = 1000 (1000)
RULECHECK VL.S.1 ............ TOTAL Result Count = 184  (184)
RULECHECK VL.E.1 ............ TOTAL Result Count = 1000 (1029)
RULECHECK VL.E.2 ............ TOTAL Result Count = 66   (66)
RULECHECK VL.E.3 ............ TOTAL Result Count = 0    (0)
RULECHECK ML.W.1 ............ TOTAL Result Count = 0    (0)
RULECHECK ML.W.2 ............ TOTAL Result Count = 0    (0)
RULECHECK ML.S.1 ............ TOTAL Result Count = 0    (0)
RULECHECK ML.S.2 ............ TOTAL Result Count = 0    (0)
RULECHECK ML.E.1 ............ TOTAL Result Count = 332  (2762)
RULECHECK ML.A.1 ............ TOTAL Result Count = 0    (0)
RULECHECK ML.C.1 ............ TOTAL Result Count = 0    (0)
RULECHECK ML.C.2 ............ TOTAL Result Count = 0    (0)
RULECHECK ML.C.4 ............ TOTAL Result Count = 0    (0)
RULECHECK WB.W.1 ............ TOTAL Result Count = 0    (0)
RULECHECK WB.S.1 ............ TOTAL Result Count = 0    (0)
RULECHECK WB.E.1 ............ TOTAL Result Count = 0    (0)
RULECHECK WB.O.1 ............ TOTAL Result Count = 0    (0)
RULECHECK WB.D.1 ............ TOTAL Result Count = 0    (0)
RULECHECK WB.D.2 ............ TOTAL Result Count = 0    (0)
RULECHECK WB.D.3 ............ TOTAL Result Count = 0    (0)
RULECHECK WB.D.4 ............ TOTAL Result Count = 0    (0)
RULECHECK WB.N.1 ............ TOTAL Result Count = 0    (0)
RULECHECK WB.N.9 ............ TOTAL Result Count = 0    (0)
RULECHECK WB.N.11 ........... TOTAL Result Count = 0    (0)
RULECHECK WB.N.12 ........... TOTAL Result Count = 0    (0)
RULECHECK VNN.W.1 ........... TOTAL Result Count = 0    (0)
RULECHECK VNN.S.1 ........... TOTAL Result Count = 0    (0)
RULECHECK VNN.W.2 ........... TOTAL Result Count = 0    (0)
RULECHECK VNN.W.3 ........... TOTAL Result Count = 0    (0)
RULECHECK VNN.W.4 ........... TOTAL Result Count = 0    (0)
RULECHECK VNN.E.1 ........... TOTAL Result Count = 0    (0)
RULECHECK VNN.D.1 ........... TOTAL Result Count = 0    (0)
RULECHECK VNN.D.2 ........... TOTAL Result Count = 0    (0)
RULECHECK VNN.X.1 ........... TOTAL Result Count = 0    (0)
RULECHECK VNN.N.1 ........... TOTAL Result Count = 0    (0)
RULECHECK VNN.N.2 ........... TOTAL Result Count = 0    (0)
RULECHECK VNN.N.3 ........... TOTAL Result Count = 0    (0)
RULECHECK CNH.W.1 ........... TOTAL Result Count = 0    (0)
RULECHECK CNH.S.1 ........... TOTAL Result Count = 0    (0)
RULECHECK CNH.W.2 ........... TOTAL Result Count = 0    (0)
RULECHECK CNH.X.1 ........... TOTAL Result Count = 0    (0)
RULECHECK CNH.D.1 ........... TOTAL Result Count = 0    (0)
RULECHECK CNH.D.2 ........... TOTAL Result Count = 0    (0)
RULECHECK CNH.X.2 ........... TOTAL Result Count = 0    (0)
RULECHECK CNH.N.1 ........... TOTAL Result Count = 0    (0)
RULECHECK CNH.N.2 ........... TOTAL Result Count = 0    (0)
RULECHECK CPH.W.1 ........... TOTAL Result Count = 0    (0)
RULECHECK CPH.S.1 ........... TOTAL Result Count = 0    (0)
RULECHECK CPH.W.2 ........... TOTAL Result Count = 0    (0)
RULECHECK CPH.X.1 ........... TOTAL Result Count = 17   (17)
RULECHECK CPH.D.1 ........... TOTAL Result Count = 8    (8)
RULECHECK CPH.D.2 ........... TOTAL Result Count = 17   (17)
RULECHECK CPH.X.2 ........... TOTAL Result Count = 13   (13)
RULECHECK CPH.N.1 ........... TOTAL Result Count = 16   (16)
RULECHECK CPH.N.2 ........... TOTAL Result Count = 0    (0)
RULECHECK CNL.W.1 ........... TOTAL Result Count = 0    (0)
RULECHECK CNL.S.1 ........... TOTAL Result Count = 0    (0)
RULECHECK CNL.W.2 ........... TOTAL Result Count = 0    (0)
RULECHECK CNL.X.1 ........... TOTAL Result Count = 0    (0)
RULECHECK CNL.D.1 ........... TOTAL Result Count = 0    (0)
RULECHECK CNL.D.2 ........... TOTAL Result Count = 0    (0)
RULECHECK CNL.X.2 ........... TOTAL Result Count = 0    (0)
RULECHECK CNL.N.1 ........... TOTAL Result Count = 0    (0)
RULECHECK CNL.N.2 ........... TOTAL Result Count = 0    (0)
RULECHECK CPL.W.1 ........... TOTAL Result Count = 0    (0)
RULECHECK CPL.W.2 ........... TOTAL Result Count = 0    (0)
RULECHECK CPL.S.1 ........... TOTAL Result Count = 0    (0)
RULECHECK CPL.D.1 ........... TOTAL Result Count = 0    (0)
RULECHECK CPL.D.2 ........... TOTAL Result Count = 0    (0)
RULECHECK CPL.X.1 ........... TOTAL Result Count = 0    (0)
RULECHECK CPL.X.2 ........... TOTAL Result Count = 0    (0)
RULECHECK CPL.N.1 ........... TOTAL Result Count = 0    (0)
RULECHECK CPL.N.2 ........... TOTAL Result Count = 0    (0)
RULECHECK RES.E.1 ........... TOTAL Result Count = 0    (0)
RULECHECK RES.E.2 ........... TOTAL Result Count = 0    (0)
RULECHECK RES.E.3 ........... TOTAL Result Count = 0    (0)
RULECHECK RES.D.1 ........... TOTAL Result Count = 0    (0)
RULECHECK RES.D.2 ........... TOTAL Result Count = 0    (0)
RULECHECK RES.D.3 ........... TOTAL Result Count = 0    (0)
RULECHECK RES.N.1 ........... TOTAL Result Count = 0    (0)
RULECHECK MR.W.1 ............ TOTAL Result Count = 0    (0)
RULECHECK MR.S.1 ............ TOTAL Result Count = 0    (0)
RULECHECK MR.D.2 ............ TOTAL Result Count = 0    (0)
RULECHECK MR.D.6 ............ TOTAL Result Count = 0    (0)
RULECHECK MR.D.3 ............ TOTAL Result Count = 0    (0)
RULECHECK MR.D.4 ............ TOTAL Result Count = 0    (0)
RULECHECK MR.E.3 ............ TOTAL Result Count = 0    (0)
RULECHECK MR.N.4 ............ TOTAL Result Count = 0    (0)
RULECHECK MR.N.5 ............ TOTAL Result Count = 0    (0)
RULECHECK MR.A.1 ............ TOTAL Result Count = 0    (0)
RULECHECK MR.O.1 ............ TOTAL Result Count = 0    (0)
RULECHECK MR.D.5 ............ TOTAL Result Count = 0    (0)
RULECHECK MR.N.3 ............ TOTAL Result Count = 0    (0)
RULECHECK MR.X.1 ............ TOTAL Result Count = 0    (0)
RULECHECK MR.S.2 ............ TOTAL Result Count = 0    (0)
RULECHECK MR.N.92 ........... TOTAL Result Count = 0    (0)
RULECHECK NPR.D.1 ........... TOTAL Result Count = 0    (0)
RULECHECK NPR.E.1 ........... TOTAL Result Count = 0    (0)
RULECHECK PPR.D.1 ........... TOTAL Result Count = 0    (0)
RULECHECK PPR.E.1 ........... TOTAL Result Count = 0    (0)
RULECHECK NAR.N.1 ........... TOTAL Result Count = 0    (0)
RULECHECK PAR.N.1 ........... TOTAL Result Count = 0    (0)
RULECHECK WNSR.E.1 .......... TOTAL Result Count = 0    (0)
RULECHECK WNSR.N.1 .......... TOTAL Result Count = 0    (0)
RULECHECK WNSR.N.9 .......... TOTAL Result Count = 0    (0)
RULECHECK WNAR.X.1 .......... TOTAL Result Count = 0    (0)
RULECHECK WNAR.E.1 .......... TOTAL Result Count = 0    (0)
RULECHECK WNAR.D.3 .......... TOTAL Result Count = 0    (0)
RULECHECK WNAR.E.3 .......... TOTAL Result Count = 0    (0)
RULECHECK WNAR.D.1 .......... TOTAL Result Count = 0    (0)
RULECHECK WNAR.E.2 .......... TOTAL Result Count = 0    (0)
RULECHECK WNAR.N.1 .......... TOTAL Result Count = 0    (0)
RULECHECK WNAR.D.2 .......... TOTAL Result Count = 0    (0)
RULECHECK NSDN.O.1 .......... TOTAL Result Count = 0    (0)
RULECHECK NSDP.O.1 .......... TOTAL Result Count = 0    (0)
RULECHECK MOSCAP.N.4 ........ TOTAL Result Count = 0    (0)
RULECHECK MOSCAP.N.5 ........ TOTAL Result Count = 0    (0)
RULECHECK MOSCAP.N.6 ........ TOTAL Result Count = 0    (0)
RULECHECK MOSCAP.N.7 ........ TOTAL Result Count = 0    (0)
RULECHECK MOSCAP.N.8 ........ TOTAL Result Count = 0    (0)
RULECHECK MIM.N.1 ........... TOTAL Result Count = 0    (0)
RULECHECK MIM.N.2.area10 .... TOTAL Result Count = 0    (0)
RULECHECK MIM.N.2.SPC ....... TOTAL Result Count = 0    (0)
RULECHECK MIM.N.3 ........... TOTAL Result Count = 0    (0)
RULECHECK MIM.D.1 ........... TOTAL Result Count = 0    (0)
RULECHECK MIM.W.2 ........... TOTAL Result Count = 0    (0)
RULECHECK MIM.W.3 ........... TOTAL Result Count = 0    (0)
RULECHECK MIM.W.6 ........... TOTAL Result Count = 0    (0)
RULECHECK MIM.S.1 ........... TOTAL Result Count = 0    (0)
RULECHECK MIM.S.2 ........... TOTAL Result Count = 0    (0)
RULECHECK MIM.S.3 ........... TOTAL Result Count = 0    (0)
RULECHECK MIM.S.5 ........... TOTAL Result Count = 0    (0)
RULECHECK MIM.E.1 ........... TOTAL Result Count = 0    (0)
RULECHECK MIM.E.2 ........... TOTAL Result Count = 0    (0)
RULECHECK MIM.E.3 ........... TOTAL Result Count = 0    (0)
RULECHECK MIM.E.4 ........... TOTAL Result Count = 0    (0)
RULECHECK MIM.D.2 ........... TOTAL Result Count = 0    (0)
RULECHECK MIM.D.3 ........... TOTAL Result Count = 0    (0)
RULECHECK MIM.C.1 ........... TOTAL Result Count = 0    (0)
RULECHECK MIM.C.2 ........... TOTAL Result Count = 0    (0)
RULECHECK MIM.C.3 ........... TOTAL Result Count = 0    (0)
RULECHECK MIM.C.4 ........... TOTAL Result Count = 0    (0)
RULECHECK MIM.A.1 ........... TOTAL Result Count = 0    (0)
RULECHECK MIM.N.5 ........... TOTAL Result Count = 0    (0)
RULECHECK MIM.N.6 ........... TOTAL Result Count = 0    (0)
RULECHECK MIM.N.7 ........... TOTAL Result Count = 0    (0)
RULECHECK MIM.N.11 .......... TOTAL Result Count = 0    (0)
RULECHECK MIM.N.12 .......... TOTAL Result Count = 0    (0)
RULECHECK MIM.N.13 .......... TOTAL Result Count = 0    (0)
RULECHECK MIM.N.14 .......... TOTAL Result Count = 0    (0)
RULECHECK MFC.W.1 ........... TOTAL Result Count = 0    (0)
RULECHECK MFC.W.2 ........... TOTAL Result Count = 0    (0)
RULECHECK MFC.S.1 ........... TOTAL Result Count = 0    (0)
RULECHECK MFC.S.2 ........... TOTAL Result Count = 0    (0)
RULECHECK MFC.S.3 ........... TOTAL Result Count = 0    (0)
RULECHECK MFC.S.4 ........... TOTAL Result Count = 0    (0)
RULECHECK MFC.S.5 ........... TOTAL Result Count = 0    (0)
RULECHECK MFC.E.1 ........... TOTAL Result Count = 0    (0)
RULECHECK MFC.D.1 ........... TOTAL Result Count = 0    (0)
RULECHECK MFC.L.1 ........... TOTAL Result Count = 0    (0)
RULECHECK MFC.N.1 ........... TOTAL Result Count = 0    (0)
RULECHECK MFC.N.2 ........... TOTAL Result Count = 0    (0)
RULECHECK MFC.N.3 ........... TOTAL Result Count = 0    (0)
RULECHECK MFC.N.4 ........... TOTAL Result Count = 0    (0)
RULECHECK MFC.N.6 ........... TOTAL Result Count = 0    (0)
RULECHECK MFC.N.7 ........... TOTAL Result Count = 0    (0)
RULECHECK MFC.N.8 ........... TOTAL Result Count = 0    (0)
RULECHECK MFC.N.9 ........... TOTAL Result Count = 0    (0)
RULECHECK EPF.W.1 ........... TOTAL Result Count = 0    (0)
RULECHECK EPF.L.1 ........... TOTAL Result Count = 0    (0)
RULECHECK EPF.D.1 ........... TOTAL Result Count = 0    (0)
RULECHECK EPF.D.2 ........... TOTAL Result Count = 0    (0)
RULECHECK EPF.N.1 ........... TOTAL Result Count = 0    (0)
RULECHECK EPF.N.3 ........... TOTAL Result Count = 0    (0)
RULECHECK EPF.N.2 ........... TOTAL Result Count = 0    (0)
RULECHECK BJT.W.1 ........... TOTAL Result Count = 0    (0)
RULECHECK BJT.N.2 ........... TOTAL Result Count = 0    (0)
RULECHECK BJT.N.3 ........... TOTAL Result Count = 0    (0)
RULECHECK BJT.N.4 ........... TOTAL Result Count = 0    (0)
RULECHECK DAA.W.1 ........... TOTAL Result Count = 0    (0)
RULECHECK DAA.S.1 ........... TOTAL Result Count = 0    (0)
RULECHECK DAA.E.1 ........... TOTAL Result Count = 0    (0)
RULECHECK DAA.D.1 ........... TOTAL Result Count = 0    (0)
RULECHECK DAA.D.2 ........... TOTAL Result Count = 0    (0)
RULECHECK DAA.D.3 ........... TOTAL Result Count = 0    (0)
RULECHECK DAA.D.4 ........... TOTAL Result Count = 0    (0)
RULECHECK DAA.D.5 ........... TOTAL Result Count = 0    (0)
RULECHECK DAA.A.1 ........... TOTAL Result Count = 0    (0)
RULECHECK DAA.N.1 ........... TOTAL Result Count = 0    (0)
RULECHECK DAA.N.3 ........... TOTAL Result Count = 0    (0)
RULECHECK DGC.W.1 ........... TOTAL Result Count = 0    (0)
RULECHECK DGC.S.1 ........... TOTAL Result Count = 0    (0)
RULECHECK DGC.D.1 ........... TOTAL Result Count = 0    (0)
RULECHECK DGC.D.2 ........... TOTAL Result Count = 0    (0)
RULECHECK DGC.D.3 ........... TOTAL Result Count = 0    (0)
RULECHECK DGC.D.4 ........... TOTAL Result Count = 0    (0)
RULECHECK DGC.D.7 ........... TOTAL Result Count = 0    (0)
RULECHECK DGC.N.1 ........... TOTAL Result Count = 0    (0)
RULECHECK DGC.N.2 ........... TOTAL Result Count = 0    (0)
RULECHECK DM.W.6 ............ TOTAL Result Count = 0    (0)
RULECHECK DM.S.1 ............ TOTAL Result Count = 0    (0)
RULECHECK DM.D.1 ............ TOTAL Result Count = 0    (0)
RULECHECK DM.D.2 ............ TOTAL Result Count = 0    (0)
RULECHECK DM.D.3 ............ TOTAL Result Count = 0    (0)
RULECHECK DM.D.6 ............ TOTAL Result Count = 0    (0)
RULECHECK DM.D.10 ........... TOTAL Result Count = 0    (0)
RULECHECK DM.W.1 ............ TOTAL Result Count = 0    (0)
RULECHECK DM.D.9 ............ TOTAL Result Count = 0    (0)
RULECHECK DM.D.12 ........... TOTAL Result Count = 0    (0)
RULECHECK MS.W.1 ............ TOTAL Result Count = 0    (0)
RULECHECK MS.W.2 ............ TOTAL Result Count = 0    (0)
RULECHECK MS.W.4 ............ TOTAL Result Count = 0    (0)
RULECHECK MS.S.1 ............ TOTAL Result Count = 0    (0)
RULECHECK MS.E.1 ............ TOTAL Result Count = 0    (0)
RULECHECK MS.D.1 ............ TOTAL Result Count = 0    (0)
RULECHECK MS.N.1 ............ TOTAL Result Count = 0    (0)
RULECHECK IMS.N.1 ........... TOTAL Result Count = 0    (0)
RULECHECK MS.N.3 ............ TOTAL Result Count = 0    (0)
RULECHECK MS.N.6 ............ TOTAL Result Count = 0    (0)
RULECHECK PD.N.1 ............ TOTAL Result Count = 0    (0)
RULECHECK PD.N.2 ............ TOTAL Result Count = 0    (0)
RULECHECK PD.C.2 ............ TOTAL Result Count = 0    (0)
RULECHECK PD.E.1 ............ TOTAL Result Count = 0    (0)
RULECHECK PD.D.1 ............ TOTAL Result Count = 0    (0)
RULECHECK PD.S.2.V2 ......... TOTAL Result Count = 0    (0)
RULECHECK PD.S.2.V3 ......... TOTAL Result Count = 0    (0)
RULECHECK PD.S.3.VL ......... TOTAL Result Count = 0    (0)
RULECHECK PD.D.2 ............ TOTAL Result Count = 0    (0)
RULECHECK PD.D.3 ............ TOTAL Result Count = 0    (0)
RULECHECK PD.C.1 ............ TOTAL Result Count = 0    (0)
RULECHECK PD1.W.1 ........... TOTAL Result Count = 0    (0)
RULECHECK PD1.S.1 ........... TOTAL Result Count = 0    (0)
RULECHECK PD1.E.1 ........... TOTAL Result Count = 0    (0)
RULECHECK PD2.E.1 ........... TOTAL Result Count = 0    (0)
RULECHECK PD2.W.1 ........... TOTAL Result Count = 0    (0)
RULECHECK PD2.S.1 ........... TOTAL Result Count = 0    (0)
RULECHECK PD2.W.2 ........... TOTAL Result Count = 0    (0)
RULECHECK DPD.N.1 ........... TOTAL Result Count = 0    (0)
RULECHECK DPD.N.2 ........... TOTAL Result Count = 0    (0)
RULECHECK DPD.N.3 ........... TOTAL Result Count = 0    (0)
RULECHECK DPD.W.2 ........... TOTAL Result Count = 0    (0)
RULECHECK DPD.S.1 ........... TOTAL Result Count = 0    (0)
RULECHECK DPD.D.1 ........... TOTAL Result Count = 0    (0)
RULECHECK DPD.S.2 ........... TOTAL Result Count = 0    (0)
RULECHECK DPD.S.3 ........... TOTAL Result Count = 0    (0)
RULECHECK DPD.D.2 ........... TOTAL Result Count = 0    (0)
RULECHECK DPD.D.3 ........... TOTAL Result Count = 0    (0)
RULECHECK DPD.X.1 ........... TOTAL Result Count = 0    (0)
RULECHECK DPD.D.4 ........... TOTAL Result Count = 0    (0)
RULECHECK DPD.D.5 ........... TOTAL Result Count = 0    (0)
RULECHECK DPD.E.1 ........... TOTAL Result Count = 0    (0)
RULECHECK DPD.E.2 ........... TOTAL Result Count = 0    (0)
RULECHECK SR.W.1 ............ TOTAL Result Count = 0    (0)
RULECHECK SR.W.2 ............ TOTAL Result Count = 0    (0)
RULECHECK SR.W.3 ............ TOTAL Result Count = 0    (0)
RULECHECK SR.W.4 ............ TOTAL Result Count = 0    (0)
RULECHECK SR.W.5 ............ TOTAL Result Count = 0    (0)
RULECHECK SR.W.6 ............ TOTAL Result Count = 0    (0)
RULECHECK SR.W.7 ............ TOTAL Result Count = 0    (0)
RULECHECK SR.S.1 ............ TOTAL Result Count = 0    (0)
RULECHECK SR.S.2 ............ TOTAL Result Count = 0    (0)
RULECHECK SR.S.3 ............ TOTAL Result Count = 0    (0)
RULECHECK SR.D.1.GC ......... TOTAL Result Count = 0    (0)
RULECHECK SR.D.1.M1 ......... TOTAL Result Count = 0    (0)
RULECHECK SR.D.1.M2 ......... TOTAL Result Count = 0    (0)
RULECHECK SR.D.1.M3 ......... TOTAL Result Count = 0    (0)
RULECHECK SR.D.1.M4 ......... TOTAL Result Count = 0    (0)
RULECHECK SR.D.1.M5 ......... TOTAL Result Count = 0    (0)
RULECHECK SR.D.1.MTOP ....... TOTAL Result Count = 0    (0)
RULECHECK SR.D.1.MT ......... TOTAL Result Count = 0    (0)
RULECHECK SR.D.1.MT3 ........ TOTAL Result Count = 0    (0)
RULECHECK SR.E.1 ............ TOTAL Result Count = 0    (0)
RULECHECK SR.E.2 ............ TOTAL Result Count = 0    (0)
RULECHECK SR.E.3 ............ TOTAL Result Count = 0    (0)
RULECHECK SR.E.4 ............ TOTAL Result Count = 0    (0)
RULECHECK SR.E.5 ............ TOTAL Result Count = 0    (0)
RULECHECK SR.E.6 ............ TOTAL Result Count = 0    (0)
RULECHECK SR.O.1 ............ TOTAL Result Count = 0    (0)
RULECHECK SR.N.1.dev_seal ... TOTAL Result Count = 0    (0)
RULECHECK SR.N.1.CS ......... TOTAL Result Count = 0    (0)
RULECHECK SR.N.1.M1 ......... TOTAL Result Count = 0    (0)
RULECHECK SR.N.1.M2 ......... TOTAL Result Count = 0    (0)
RULECHECK SR.N.1.M3 ......... TOTAL Result Count = 0    (0)
RULECHECK SR.N.1.ML ......... TOTAL Result Count = 0    (0)
RULECHECK SR.N.1.V2 ......... TOTAL Result Count = 0    (0)
RULECHECK SR.N.1.V3 ......... TOTAL Result Count = 0    (0)
RULECHECK SR.N.1.VL ......... TOTAL Result Count = 0    (0)
RULECHECK SR.N.1.PAD ........ TOTAL Result Count = 0    (0)
RULECHECK SR.N.2 ............ TOTAL Result Count = 0    (0)
RULECHECK EX.A.1 ............ TOTAL Result Count = 0    (0)
RULECHECK EX.N.2.WN ......... TOTAL Result Count = 0    (0)
RULECHECK EX.N.2.AA ......... TOTAL Result Count = 0    (0)
RULECHECK EX.N.2.GC ......... TOTAL Result Count = 0    (0)
RULECHECK EX.N.2.M1 ......... TOTAL Result Count = 0    (0)
RULECHECK EX.N.2.M2 ......... TOTAL Result Count = 0    (0)
RULECHECK EX.N.2.M3 ......... TOTAL Result Count = 0    (0)
RULECHECK EX.N.2.M4 ......... TOTAL Result Count = 0    (0)
RULECHECK EX.N.2.M5 ......... TOTAL Result Count = 0    (0)
RULECHECK EX.N.2.TOP_M ...... TOTAL Result Count = 0    (0)
RULECHECK EX.N.2.MT ......... TOTAL Result Count = 0    (0)
RULECHECK EX.D.1 ............ TOTAL Result Count = 0    (0)
RULECHECK LU0 ............... TOTAL Result Count = 1000 (1000)
----------------------------------------------------------------------------------
--- RULECHECK RESULTS STATISTICS (BY CELL)
---
CELL V3_cross ........... TOTAL Result Count = 1    (2402)
    RULECHECK ML.E.1 .... TOTAL Result Count = 1    (2402)
CELL V3 ................. TOTAL Result Count = 2    (60)
    RULECHECK VL.E.1 .... TOTAL Result Count = 1    (30)
    RULECHECK ML.E.1 .... TOTAL Result Count = 1    (30)
CELL row_sequencer_v2 ... TOTAL Result Count = 7227 (7227)
    RULECHECK M1.W.1 .... TOTAL Result Count = 58   (58)
    RULECHECK M1.S.1 .... TOTAL Result Count = 875  (875)
    RULECHECK M1.A.1 .... TOTAL Result Count = 832  (832)
    RULECHECK V3.W.1 .... TOTAL Result Count = 998  (998)
    RULECHECK V3.E.1 .... TOTAL Result Count = 998  (998)
    RULECHECK M3.E.1 .... TOTAL Result Count = 998  (998)
    RULECHECK M3.A.1 .... TOTAL Result Count = 1    (1)
    RULECHECK VL.W.1 .... TOTAL Result Count = 1000 (1000)
    RULECHECK VL.S.1 .... TOTAL Result Count = 179  (179)
    RULECHECK VL.E.1 .... TOTAL Result Count = 964  (964)
    RULECHECK VL.E.2 .... TOTAL Result Count = 12   (12)
    RULECHECK ML.E.1 .... TOTAL Result Count = 310  (310)
    RULECHECK CPH.N.1 ... TOTAL Result Count = 2    (2)
CELL clk_divider_v2 ..... TOTAL Result Count = 300  (300)
    RULECHECK M1.W.1 .... TOTAL Result Count = 8    (8)
    RULECHECK M1.S.1 .... TOTAL Result Count = 57   (57)
    RULECHECK M1.A.1 .... TOTAL Result Count = 41   (41)
    RULECHECK V3.W.1 .... TOTAL Result Count = 2    (2)
    RULECHECK V3.E.1 .... TOTAL Result Count = 2    (2)
    RULECHECK M3.E.1 .... TOTAL Result Count = 2    (2)
    RULECHECK M3.A.1 .... TOTAL Result Count = 5    (5)
    RULECHECK VL.S.1 .... TOTAL Result Count = 5    (5)
    RULECHECK VL.E.1 .... TOTAL Result Count = 35   (35)
    RULECHECK VL.E.2 .... TOTAL Result Count = 54   (54)
    RULECHECK ML.E.1 .... TOTAL Result Count = 20   (20)
    RULECHECK CPH.X.1 ... TOTAL Result Count = 17   (17)
    RULECHECK CPH.D.1 ... TOTAL Result Count = 8    (8)
    RULECHECK CPH.D.2 ... TOTAL Result Count = 17   (17)
    RULECHECK CPH.X.2 ... TOTAL Result Count = 13   (13)
    RULECHECK CPH.N.1 ... TOTAL Result Count = 14   (14)
CELL tdi_sensor_top ..... TOTAL Result Count = 2583 (2583)
    RULECHECK AA.C.1 .... TOTAL Result Count = 1    (1)
    RULECHECK AA.C.3 .... TOTAL Result Count = 2    (2)
    RULECHECK AA.C.5 .... TOTAL Result Count = 1    (1)
    RULECHECK GC.C.1 .... TOTAL Result Count = 1    (1)
    RULECHECK XN.S.1 .... TOTAL Result Count = 788  (788)
    RULECHECK XP.S.1 .... TOTAL Result Count = 788  (788)
    RULECHECK M2.C.1 .... TOTAL Result Count = 1    (1)
    RULECHECK M3.C.1 .... TOTAL Result Count = 1    (1)
    RULECHECK LU0 ....... TOTAL Result Count = 1000 (1000)
----------------------------------------------------------------------------------
--- SUMMARY
---
TOTAL CPU Time:                  14
TOTAL REAL Time:                 16
TOTAL Original Layer Geometries: 10144 (10714162)
TOTAL DRC RuleChecks Executed:   463
TOTAL DRC Results Generated:     10113 (12572)
